Collecting fastapi==0.116.1
  Using cached fastapi-0.116.1-py3-none-any.whl (95 kB)
Collecting uvicorn[standard]==0.35.0
  Using cached uvicorn-0.35.0-py3-none-any.whl (66 kB)
Collecting python-jose[cryptography]==3.5.0
  Using cached python_jose-3.5.0-py2.py3-none-any.whl (34 kB)
Collecting bcrypt==4.3.0
  Using cached bcrypt-4.3.0-cp39-abi3-win_amd64.whl (152 kB)
Collecting pytest==8.4.1
  Using cached pytest-8.4.1-py3-none-any.whl (365 kB)
Collecting httpx==0.28.1
  Using cached httpx-0.28.1-py3-none-any.whl (73 kB)
Collecting python-multipart==0.0.20
  Using cached python_multipart-0.0.20-py3-none-any.whl (24 kB)
Collecting ultralytics==8.3.209
  Using cached ultralytics-8.3.209-py3-none-any.whl (1.1 MB)
Collecting opencv-python-headless==4.11.0.86
  Using cached opencv_python_headless-4.11.0.86-cp37-abi3-win_amd64.whl (39.4 MB)
Collecting starlette<0.48.0,>=0.40.0
  Using cached starlette-0.47.3-py3-none-any.whl (72 kB)
Collecting pydantic!=1.8,!=1.8.1,!=2.0.0,!=2.0.1,!=2.1.0,<3.0.0,>=1.7.4
  Using cached pydantic-2.13.4-py3-none-any.whl (472 kB)
Collecting typing-extensions>=4.8.0
  Using cached typing_extensions-4.16.0-py3-none-any.whl (45 kB)
Collecting click>=7.0
  Using cached click-8.4.2-py3-none-any.whl (119 kB)
Collecting h11>=0.8
  Using cached h11-0.16.0-py3-none-any.whl (37 kB)
Collecting colorama>=0.4
  Using cached colorama-0.4.6-py2.py3-none-any.whl (25 kB)
Collecting httptools>=0.6.3
  Using cached httptools-0.8.0-cp311-cp311-win_amd64.whl (90 kB)
Collecting python-dotenv>=0.13
  Using cached python_dotenv-1.2.2-py3-none-any.whl (22 kB)
Collecting pyyaml>=5.1
  Using cached pyyaml-6.0.3-cp311-cp311-win_amd64.whl (158 kB)
Collecting watchfiles>=0.13
  Using cached watchfiles-1.2.0-cp311-cp311-win_amd64.whl (290 kB)
Collecting websockets>=10.4
  Using cached websockets-17.0.1-cp311-cp311-win_amd64.whl (213 kB)
Collecting ecdsa!=0.15
  Using cached ecdsa-0.19.2-py2.py3-none-any.whl (150 kB)
Collecting rsa!=4.1.1,!=4.4,<5.0,>=4.0
  Using cached rsa-4.9.1-py3-none-any.whl (34 kB)
Collecting pyasn1>=0.5.0
  Downloading pyasn1-0.6.4-py3-none-any.whl (84 kB)
Collecting cryptography>=3.4.0
  Downloading cryptography-50.0.0-cp311-abi3-win_amd64.whl (3.8 MB)
Collecting iniconfig>=1
  Using cached iniconfig-2.3.0-py3-none-any.whl (7.5 kB)
Collecting packaging>=20
  Using cached packaging-26.2-py3-none-any.whl (100 kB)
Collecting pluggy<2,>=1.5
  Using cached pluggy-1.6.0-py3-none-any.whl (20 kB)
Collecting pygments>=2.7.2
  Using cached pygments-2.20.0-py3-none-any.whl (1.2 MB)
Collecting anyio
  Using cached anyio-4.14.2-py3-none-any.whl (125 kB)
Collecting certifi
  Using cached certifi-2026.7.22-py3-none-any.whl (136 kB)
Collecting httpcore==1.*
  Using cached httpcore-1.0.9-py3-none-any.whl (78 kB)
Collecting idna
  Using cached idna-3.18-py3-none-any.whl (65 kB)
Collecting numpy>=1.23.0
  Using cached numpy-2.4.6-cp311-cp311-win_amd64.whl (12.6 MB)
Collecting matplotlib>=3.3.0
  Using cached matplotlib-3.11.1-cp311-cp311-win_amd64.whl (9.3 MB)
Collecting opencv-python>=4.6.0
  Using cached opencv_python-5.0.0.93-cp37-abi3-win_amd64.whl (44.0 MB)
Collecting pillow>=7.1.2
  Using cached pillow-12.3.0-cp311-cp311-win_amd64.whl (7.2 MB)
Collecting requests>=2.23.0
  Using cached requests-2.34.2-py3-none-any.whl (73 kB)
Collecting scipy>=1.4.1
  Using cached scipy-1.17.1-cp311-cp311-win_amd64.whl (36.6 MB)
Collecting torch>=1.8.0
  Using cached torch-2.13.0-cp311-cp311-win_amd64.whl (122.0 MB)
Collecting torchvision>=0.9.0
  Using cached torchvision-0.28.0-cp311-cp311-win_amd64.whl (3.8 MB)
Collecting psutil
  Using cached psutil-7.2.2-cp37-abi3-win_amd64.whl (137 kB)
Collecting polars
  Using cached polars-1.43.2-py3-none-any.whl (847 kB)
Collecting ultralytics-thop>=2.0.0
  Using cached ultralytics_thop-2.1.6-py3-none-any.whl (30 kB)
Collecting cffi>=2.0.0
  Downloading cffi-2.1.0-cp311-cp311-win_amd64.whl (185 kB)
Collecting six>=1.9.0
  Using cached six-1.17.0-py2.py3-none-any.whl (11 kB)
Collecting contourpy>=1.0.1
  Using cached contourpy-1.3.3-cp311-cp311-win_amd64.whl (225 kB)
Collecting cycler>=0.10
  Using cached cycler-0.12.1-py3-none-any.whl (8.3 kB)
Collecting fonttools>=4.28.2
  Using cached fonttools-4.63.0-cp311-cp311-win_amd64.whl (2.4 MB)
Collecting kiwisolver>=1.3.1
  Using cached kiwisolver-1.5.0-cp311-cp311-win_amd64.whl (73 kB)
Collecting pyparsing>=3
  Using cached pyparsing-3.3.2-py3-none-any.whl (122 kB)
Collecting python-dateutil>=2.7
  Using cached python_dateutil-2.9.0.post0-py2.py3-none-any.whl (229 kB)
Collecting annotated-types>=0.6.0
  Using cached annotated_types-0.8.0-py3-none-any.whl (13 kB)
Collecting pydantic-core==2.46.4
  Using cached pydantic_core-2.46.4-cp311-cp311-win_amd64.whl (2.1 MB)
Collecting typing-inspection>=0.4.2
  Using cached typing_inspection-0.4.2-py3-none-any.whl (14 kB)
Collecting charset_normalizer<4,>=2
  Using cached charset_normalizer-3.4.9-cp311-cp311-win_amd64.whl (161 kB)
Collecting urllib3<3,>=1.26
  Using cached urllib3-2.7.0-py3-none-any.whl (131 kB)
Collecting filelock
  Using cached filelock-3.32.2-py3-none-any.whl (98 kB)
Requirement already satisfied: setuptools>=77.0.3 in c:\users\admin\onedrive\ドキュメント\pulseroute ai\backend\.venv\lib\site-packages (from torch>=1.8.0->ultralytics==8.3.209->-r backend\requirements.txt (line 8)) (81.0.0)
Collecting sympy>=1.13.3
  Using cached sympy-1.14.0-py3-none-any.whl (6.3 MB)
Collecting networkx>=2.5.1
  Using cached networkx-3.6.1-py3-none-any.whl (2.1 MB)
Collecting jinja2
  Using cached jinja2-3.1.6-py3-none-any.whl (134 kB)
Collecting fsspec>=0.8.5
  Using cached fsspec-2026.7.0-py3-none-any.whl (206 kB)
Collecting polars-runtime-32==1.43.2
  Using cached polars_runtime_32-1.43.2-cp310-abi3-win_amd64.whl (52.6 MB)
Collecting pycparser
  Using cached pycparser-3.0-py3-none-any.whl (48 kB)
Collecting mpmath<1.4,>=1.1.0
  Using cached mpmath-1.3.0-py3-none-any.whl (536 kB)
Collecting MarkupSafe>=2.0
  Using cached markupsafe-3.0.3-cp311-cp311-win_amd64.whl (15 kB)
Installing collected packages: mpmath, websockets, urllib3, typing-extensions, sympy, six, pyyaml, python-multipart, python-dotenv, pyparsing, pygments, pycparser, pyasn1, psutil, polars-runtime-32, pluggy, pillow, packaging, numpy, networkx, MarkupSafe, kiwisolver, iniconfig, idna, httptools, h11, fsspec, fonttools, filelock, cycler, colorama, charset_normalizer, certifi, bcrypt, annotated-types, typing-inspection, scipy, rsa, requests, python-dateutil, pytest, pydantic-core, polars, opencv-python-headless, opencv-python, jinja2, httpcore, ecdsa, contourpy, click, cffi, anyio, watchfiles, uvicorn, torch, starlette, python-jose, pydantic, matplotlib, httpx, cryptography, ultralytics-thop, torchvision, fastapi, ultralytics
